<?xml version="1.0" encoding="ISO-8859-1" ?>
<link_info>
   <banner>TI ARM Linker PC v20.2.7.LTS</banner>
   <copyright>Copyright (c) 1996-2018 Texas Instruments Incorporated</copyright>
   <link_time>0x678943a2</link_time>
   <link_errors>0x0</link_errors>
   <output_file>Controle Posiçao Trabalho final controle digital.out</output_file>
   <entry_point>
      <name>_c_int00_noargs</name>
      <address>0x15a5</address>
   </entry_point>
   <input_file_list>
      <input_file id="fl-2">
         <path>.\</path>
         <kind>object</kind>
         <file>FlashProgram.obj</file>
         <name>FlashProgram.obj</name>
      </input_file>
      <input_file id="fl-3">
         <path>.\</path>
         <kind>object</kind>
         <file>MAIN.obj</file>
         <name>MAIN.obj</name>
      </input_file>
      <input_file id="fl-4">
         <path>.\</path>
         <kind>object</kind>
         <file>PLL.obj</file>
         <name>PLL.obj</name>
      </input_file>
      <input_file id="fl-5">
         <path>.\</path>
         <kind>object</kind>
         <file>Scoreboard.obj</file>
         <name>Scoreboard.obj</name>
      </input_file>
      <input_file id="fl-6">
         <path>.\</path>
         <kind>object</kind>
         <file>UART.obj</file>
         <name>UART.obj</name>
      </input_file>
      <input_file id="fl-7">
         <path>.\</path>
         <kind>object</kind>
         <file>tm4c123gh6pm_startup_ccs.obj</file>
         <name>tm4c123gh6pm_startup_ccs.obj</name>
      </input_file>
      <input_file id="fl-b">
         <kind>object</kind>
         <file>&lt;internal&gt;</file>
         <name>&lt;internal&gt;</name>
      </input_file>
      <input_file id="fl-c1">
         <path>C:\ti\ccs1230\ccs\tools\compiler\ti-cgt-arm_20.2.7.LTS\lib\</path>
         <kind>archive</kind>
         <file>rtsv7M4_T_le_v4SPD16_eabi.lib</file>
         <name>fd_add_t2.asm.obj</name>
      </input_file>
      <input_file id="fl-c2">
         <path>C:\ti\ccs1230\ccs\tools\compiler\ti-cgt-arm_20.2.7.LTS\lib\</path>
         <kind>archive</kind>
         <file>rtsv7M4_T_le_v4SPD16_eabi.lib</file>
         <name>fd_cmp_t2.asm.obj</name>
      </input_file>
      <input_file id="fl-c3">
         <path>C:\ti\ccs1230\ccs\tools\compiler\ti-cgt-arm_20.2.7.LTS\lib\</path>
         <kind>archive</kind>
         <file>rtsv7M4_T_le_v4SPD16_eabi.lib</file>
         <name>fd_div_t2.asm.obj</name>
      </input_file>
      <input_file id="fl-c4">
         <path>C:\ti\ccs1230\ccs\tools\compiler\ti-cgt-arm_20.2.7.LTS\lib\</path>
         <kind>archive</kind>
         <file>rtsv7M4_T_le_v4SPD16_eabi.lib</file>
         <name>fd_mul_t2.asm.obj</name>
      </input_file>
      <input_file id="fl-c5">
         <path>C:\ti\ccs1230\ccs\tools\compiler\ti-cgt-arm_20.2.7.LTS\lib\</path>
         <kind>archive</kind>
         <file>rtsv7M4_T_le_v4SPD16_eabi.lib</file>
         <name>fd_tos_t2.asm.obj</name>
      </input_file>
      <input_file id="fl-c6">
         <path>C:\ti\ccs1230\ccs\tools\compiler\ti-cgt-arm_20.2.7.LTS\lib\</path>
         <kind>archive</kind>
         <file>rtsv7M4_T_le_v4SPD16_eabi.lib</file>
         <name>i_tofd_t2.asm.obj</name>
      </input_file>
      <input_file id="fl-c7">
         <path>C:\ti\ccs1230\ccs\tools\compiler\ti-cgt-arm_20.2.7.LTS\lib\</path>
         <kind>archive</kind>
         <file>rtsv7M4_T_le_v4SPD16_eabi.lib</file>
         <name>u_tofd_t2.asm.obj</name>
      </input_file>
      <input_file id="fl-c8">
         <path>C:\ti\ccs1230\ccs\tools\compiler\ti-cgt-arm_20.2.7.LTS\lib\</path>
         <kind>archive</kind>
         <file>rtsv7M4_T_le_v4SPD16_eabi.lib</file>
         <name>copy_zero_init.c.obj</name>
      </input_file>
      <input_file id="fl-c9">
         <path>C:\ti\ccs1230\ccs\tools\compiler\ti-cgt-arm_20.2.7.LTS\lib\</path>
         <kind>archive</kind>
         <file>rtsv7M4_T_le_v4SPD16_eabi.lib</file>
         <name>copy_decompress_none.c.obj</name>
      </input_file>
      <input_file id="fl-ca">
         <path>C:\ti\ccs1230\ccs\tools\compiler\ti-cgt-arm_20.2.7.LTS\lib\</path>
         <kind>archive</kind>
         <file>rtsv7M4_T_le_v4SPD16_eabi.lib</file>
         <name>copy_decompress_lzss.c.obj</name>
      </input_file>
      <input_file id="fl-cb">
         <path>C:\ti\ccs1230\ccs\tools\compiler\ti-cgt-arm_20.2.7.LTS\lib\</path>
         <kind>archive</kind>
         <file>rtsv7M4_T_le_v4SPD16_eabi.lib</file>
         <name>boot_cortex_m.c.obj</name>
      </input_file>
      <input_file id="fl-cc">
         <path>C:\ti\ccs1230\ccs\tools\compiler\ti-cgt-arm_20.2.7.LTS\lib\</path>
         <kind>archive</kind>
         <file>rtsv7M4_T_le_v4SPD16_eabi.lib</file>
         <name>memcpy_t2.asm.obj</name>
      </input_file>
      <input_file id="fl-cd">
         <path>C:\ti\ccs1230\ccs\tools\compiler\ti-cgt-arm_20.2.7.LTS\lib\</path>
         <kind>archive</kind>
         <file>rtsv7M4_T_le_v4SPD16_eabi.lib</file>
         <name>memset_t2.asm.obj</name>
      </input_file>
      <input_file id="fl-ce">
         <path>C:\ti\ccs1230\ccs\tools\compiler\ti-cgt-arm_20.2.7.LTS\lib\</path>
         <kind>archive</kind>
         <file>rtsv7M4_T_le_v4SPD16_eabi.lib</file>
         <name>autoinit.c.obj</name>
      </input_file>
      <input_file id="fl-cf">
         <path>C:\ti\ccs1230\ccs\tools\compiler\ti-cgt-arm_20.2.7.LTS\lib\</path>
         <kind>archive</kind>
         <file>rtsv7M4_T_le_v4SPD16_eabi.lib</file>
         <name>pre_init.c.obj</name>
      </input_file>
      <input_file id="fl-d0">
         <path>C:\ti\ccs1230\ccs\tools\compiler\ti-cgt-arm_20.2.7.LTS\lib\</path>
         <kind>archive</kind>
         <file>rtsv7M4_T_le_v4SPD16_eabi.lib</file>
         <name>cpy_tbl.c.obj</name>
      </input_file>
      <input_file id="fl-d1">
         <path>C:\ti\ccs1230\ccs\tools\compiler\ti-cgt-arm_20.2.7.LTS\lib\</path>
         <kind>archive</kind>
         <file>rtsv7M4_T_le_v4SPD16_eabi.lib</file>
         <name>exit.c.obj</name>
      </input_file>
      <input_file id="fl-d2">
         <path>C:\ti\ccs1230\ccs\tools\compiler\ti-cgt-arm_20.2.7.LTS\lib\</path>
         <kind>archive</kind>
         <file>rtsv7M4_T_le_v4SPD16_eabi.lib</file>
         <name>_lock.c.obj</name>
      </input_file>
      <input_file id="fl-d3">
         <path>C:\ti\ccs1230\ccs\tools\compiler\ti-cgt-arm_20.2.7.LTS\lib\</path>
         <kind>archive</kind>
         <file>rtsv7M4_T_le_v4SPD16_eabi.lib</file>
         <name>args_main.c.obj</name>
      </input_file>
   </input_file_list>
   <object_component_list>
      <object_component id="oc-12">
         <name>.intvecs</name>
         <load_address>0x0</load_address>
         <run_address>0x0</run_address>
         <size>0x26c</size>
         <input_file_ref idref="fl-7"/>
      </object_component>
      <object_component id="oc-2d">
         <name>.text</name>
         <load_address>0x26c</load_address>
         <run_address>0x26c</run_address>
         <size>0x988</size>
         <input_file_ref idref="fl-3"/>
      </object_component>
      <object_component id="oc-9a">
         <name>.text</name>
         <load_address>0xbf4</load_address>
         <run_address>0xbf4</run_address>
         <size>0x278</size>
         <input_file_ref idref="fl-6"/>
      </object_component>
      <object_component id="oc-79">
         <name>.text</name>
         <load_address>0xe6c</load_address>
         <run_address>0xe6c</run_address>
         <size>0x1b6</size>
         <input_file_ref idref="fl-c1"/>
      </object_component>
      <object_component id="oc-83">
         <name>.text</name>
         <load_address>0x1022</load_address>
         <run_address>0x1022</run_address>
         <size>0x136</size>
         <input_file_ref idref="fl-c3"/>
      </object_component>
      <object_component id="oc-27">
         <name>.text</name>
         <load_address>0x1158</load_address>
         <run_address>0x1158</run_address>
         <size>0x112</size>
         <input_file_ref idref="fl-7"/>
      </object_component>
      <object_component id="oc-7e">
         <name>.text</name>
         <load_address>0x126a</load_address>
         <run_address>0x126a</run_address>
         <size>0xfc</size>
         <input_file_ref idref="fl-c4"/>
      </object_component>
      <object_component id="oc-41">
         <name>.text</name>
         <load_address>0x1366</load_address>
         <run_address>0x1366</run_address>
         <size>0x9c</size>
         <input_file_ref idref="fl-cc"/>
      </object_component>
      <object_component id="oc-92">
         <name>.text:__aeabi_cdcmple</name>
         <load_address>0x1402</load_address>
         <run_address>0x1402</run_address>
         <size>0x86</size>
         <input_file_ref idref="fl-c2"/>
      </object_component>
      <object_component id="oc-88">
         <name>.text</name>
         <load_address>0x1488</load_address>
         <run_address>0x1488</run_address>
         <size>0x6e</size>
         <input_file_ref idref="fl-c5"/>
      </object_component>
      <object_component id="oc-15">
         <name>.text:decompress:lzss:__TI_decompress_lzss</name>
         <load_address>0x14f6</load_address>
         <run_address>0x14f6</run_address>
         <size>0x68</size>
         <input_file_ref idref="fl-ca"/>
      </object_component>
      <object_component id="oc-10c">
         <name>.text:__TI_auto_init_nobinit_nopinit:__TI_auto_init_nobinit_nopinit</name>
         <load_address>0x1560</load_address>
         <run_address>0x1560</run_address>
         <size>0x44</size>
         <input_file_ref idref="fl-ce"/>
      </object_component>
      <object_component id="oc-5f">
         <name>.text:_c_int00_noargs:_c_int00_noargs</name>
         <load_address>0x15a4</load_address>
         <run_address>0x15a4</run_address>
         <size>0x34</size>
         <input_file_ref idref="fl-cb"/>
      </object_component>
      <object_component id="oc-8d">
         <name>.text</name>
         <load_address>0x15d8</load_address>
         <run_address>0x15d8</run_address>
         <size>0x2e</size>
         <input_file_ref idref="fl-c6"/>
      </object_component>
      <object_component id="oc-74">
         <name>.text</name>
         <load_address>0x1606</load_address>
         <run_address>0x1606</run_address>
         <size>0x20</size>
         <input_file_ref idref="fl-c7"/>
      </object_component>
      <object_component id="oc-4d">
         <name>.text:decompress:ZI:__TI_zero_init_nomemset:__TI_zero_init_nomemset</name>
         <load_address>0x1626</load_address>
         <run_address>0x1626</run_address>
         <size>0x1c</size>
         <input_file_ref idref="fl-c8"/>
      </object_component>
      <object_component id="oc-1b">
         <name>.text:decompress:none:__TI_decompress_none</name>
         <load_address>0x1642</load_address>
         <run_address>0x1642</run_address>
         <size>0xe</size>
         <input_file_ref idref="fl-c9"/>
      </object_component>
      <object_component id="oc-cb">
         <name>.text:_system_pre_init</name>
         <load_address>0x1650</load_address>
         <run_address>0x1650</run_address>
         <size>0x4</size>
         <input_file_ref idref="fl-cf"/>
      </object_component>
      <object_component id="oc-100">
         <name>.text:abort:abort</name>
         <load_address>0x1654</load_address>
         <run_address>0x1654</run_address>
         <size>0x4</size>
         <input_file_ref idref="fl-d1"/>
      </object_component>
      <object_component id="oc-1bd">
         <name>.cinit..data.load</name>
         <load_address>0x1658</load_address>
         <run_address>0x1658</run_address>
         <size>0x15</size>
      </object_component>
      <object_component id="oc-1bb">
         <name>__TI_handler_table</name>
         <load_address>0x1670</load_address>
         <run_address>0x1670</run_address>
         <size>0xc</size>
      </object_component>
      <object_component id="oc-1be">
         <name>.cinit..bss.load</name>
         <load_address>0x1680</load_address>
         <run_address>0x1680</run_address>
         <size>0x8</size>
      </object_component>
      <object_component id="oc-1bc">
         <name>__TI_cinit_table</name>
         <load_address>0x1688</load_address>
         <run_address>0x1688</run_address>
         <size>0x10</size>
      </object_component>
      <object_component id="oc-97">
         <name>.data</name>
         <load_address>0x20000390</load_address>
         <run_address>0x20000390</run_address>
         <size>0x5c</size>
         <input_file_ref idref="fl-3"/>
      </object_component>
      <object_component id="oc-a0">
         <name>.common:buffer</name>
         <uninitialized>true</uninitialized>
         <run_address>0x20000200</run_address>
         <size>0x190</size>
      </object_component>
      <object_component id="oc-24">
         <name>.stack</name>
         <uninitialized>true</uninitialized>
         <run_address>0x20000000</run_address>
         <size>0x4</size>
         <input_file_ref idref="fl-cb"/>
      </object_component>
      <object_component id="oc-1c0">
         <name>.stack</name>
         <uninitialized>true</uninitialized>
         <run_address>0x20000000</run_address>
         <size>0x0</size>
      </object_component>
      <object_component id="oc-ef">
         <name>.debug_info</name>
         <load_address>0x0</load_address>
         <run_address>0x0</run_address>
         <size>0x2e9</size>
         <input_file_ref idref="fl-2"/>
      </object_component>
      <object_component id="oc-ab">
         <name>.debug_info</name>
         <load_address>0x2e9</load_address>
         <run_address>0x2e9</run_address>
         <size>0x26b</size>
         <input_file_ref idref="fl-2"/>
      </object_component>
      <object_component id="oc-3c">
         <name>.debug_info</name>
         <load_address>0x554</load_address>
         <run_address>0x554</run_address>
         <size>0x84</size>
         <input_file_ref idref="fl-2"/>
      </object_component>
      <object_component id="oc-ea">
         <name>.debug_info</name>
         <load_address>0x5d8</load_address>
         <run_address>0x5d8</run_address>
         <size>0x2a4</size>
         <input_file_ref idref="fl-2"/>
      </object_component>
      <object_component id="oc-a4">
         <name>.debug_info</name>
         <load_address>0x87c</load_address>
         <run_address>0x87c</run_address>
         <size>0xbb</size>
         <input_file_ref idref="fl-2"/>
      </object_component>
      <object_component id="oc-a1">
         <name>.debug_info</name>
         <load_address>0x937</load_address>
         <run_address>0x937</run_address>
         <size>0x397</size>
         <input_file_ref idref="fl-3"/>
      </object_component>
      <object_component id="oc-98">
         <name>.debug_info</name>
         <load_address>0xcce</load_address>
         <run_address>0xcce</run_address>
         <size>0x3d9</size>
         <input_file_ref idref="fl-3"/>
      </object_component>
      <object_component id="oc-2e">
         <name>.debug_info</name>
         <load_address>0x10a7</load_address>
         <run_address>0x10a7</run_address>
         <size>0x994</size>
         <input_file_ref idref="fl-3"/>
      </object_component>
      <object_component id="oc-e7">
         <name>.debug_info</name>
         <load_address>0x1a3b</load_address>
         <run_address>0x1a3b</run_address>
         <size>0x284</size>
         <input_file_ref idref="fl-6"/>
      </object_component>
      <object_component id="oc-9b">
         <name>.debug_info</name>
         <load_address>0x1cbf</load_address>
         <run_address>0x1cbf</run_address>
         <size>0x617</size>
         <input_file_ref idref="fl-6"/>
      </object_component>
      <object_component id="oc-35">
         <name>.debug_info</name>
         <load_address>0x22d6</load_address>
         <run_address>0x22d6</run_address>
         <size>0x2d0</size>
         <input_file_ref idref="fl-7"/>
      </object_component>
      <object_component id="oc-13">
         <name>.debug_info</name>
         <load_address>0x25a6</load_address>
         <run_address>0x25a6</run_address>
         <size>0x10f</size>
         <input_file_ref idref="fl-7"/>
      </object_component>
      <object_component id="oc-29">
         <name>.debug_info</name>
         <load_address>0x26b5</load_address>
         <run_address>0x26b5</run_address>
         <size>0x39ea</size>
         <input_file_ref idref="fl-7"/>
      </object_component>
      <object_component id="oc-7a">
         <name>.debug_info</name>
         <load_address>0x609f</load_address>
         <run_address>0x609f</run_address>
         <size>0x14c</size>
         <input_file_ref idref="fl-c1"/>
      </object_component>
      <object_component id="oc-95">
         <name>.debug_info</name>
         <load_address>0x61eb</load_address>
         <run_address>0x61eb</run_address>
         <size>0x128</size>
         <input_file_ref idref="fl-c2"/>
      </object_component>
      <object_component id="oc-85">
         <name>.debug_info</name>
         <load_address>0x6313</load_address>
         <run_address>0x6313</run_address>
         <size>0x13a</size>
         <input_file_ref idref="fl-c3"/>
      </object_component>
      <object_component id="oc-80">
         <name>.debug_info</name>
         <load_address>0x644d</load_address>
         <run_address>0x644d</run_address>
         <size>0x13a</size>
         <input_file_ref idref="fl-c4"/>
      </object_component>
      <object_component id="oc-8a">
         <name>.debug_info</name>
         <load_address>0x6587</load_address>
         <run_address>0x6587</run_address>
         <size>0x13e</size>
         <input_file_ref idref="fl-c5"/>
      </object_component>
      <object_component id="oc-8e">
         <name>.debug_info</name>
         <load_address>0x66c5</load_address>
         <run_address>0x66c5</run_address>
         <size>0x12c</size>
         <input_file_ref idref="fl-c6"/>
      </object_component>
      <object_component id="oc-77">
         <name>.debug_info</name>
         <load_address>0x67f1</load_address>
         <run_address>0x67f1</run_address>
         <size>0x12e</size>
         <input_file_ref idref="fl-c7"/>
      </object_component>
      <object_component id="oc-c4">
         <name>.debug_info</name>
         <load_address>0x691f</load_address>
         <run_address>0x691f</run_address>
         <size>0x2d4</size>
         <input_file_ref idref="fl-c8"/>
      </object_component>
      <object_component id="oc-50">
         <name>.debug_info</name>
         <load_address>0x6bf3</load_address>
         <run_address>0x6bf3</run_address>
         <size>0x1d2</size>
         <input_file_ref idref="fl-c8"/>
      </object_component>
      <object_component id="oc-bf">
         <name>.debug_info</name>
         <load_address>0x6dc5</load_address>
         <run_address>0x6dc5</run_address>
         <size>0x46</size>
         <input_file_ref idref="fl-c8"/>
      </object_component>
      <object_component id="oc-f7">
         <name>.debug_info</name>
         <load_address>0x6e0b</load_address>
         <run_address>0x6e0b</run_address>
         <size>0x2c</size>
         <input_file_ref idref="fl-c8"/>
      </object_component>
      <object_component id="oc-4c">
         <name>.debug_info</name>
         <load_address>0x6e37</load_address>
         <run_address>0x6e37</run_address>
         <size>0x2a8</size>
         <input_file_ref idref="fl-c9"/>
      </object_component>
      <object_component id="oc-1f">
         <name>.debug_info</name>
         <load_address>0x70df</load_address>
         <run_address>0x70df</run_address>
         <size>0x1ea</size>
         <input_file_ref idref="fl-c9"/>
      </object_component>
      <object_component id="oc-47">
         <name>.debug_info</name>
         <load_address>0x72c9</load_address>
         <run_address>0x72c9</run_address>
         <size>0x46</size>
         <input_file_ref idref="fl-c9"/>
      </object_component>
      <object_component id="oc-b7">
         <name>.debug_info</name>
         <load_address>0x730f</load_address>
         <run_address>0x730f</run_address>
         <size>0x2c</size>
         <input_file_ref idref="fl-c9"/>
      </object_component>
      <object_component id="oc-b5">
         <name>.debug_info</name>
         <load_address>0x733b</load_address>
         <run_address>0x733b</run_address>
         <size>0x29e</size>
         <input_file_ref idref="fl-ca"/>
      </object_component>
      <object_component id="oc-17">
         <name>.debug_info</name>
         <load_address>0x75d9</load_address>
         <run_address>0x75d9</run_address>
         <size>0x250</size>
         <input_file_ref idref="fl-ca"/>
      </object_component>
      <object_component id="oc-37">
         <name>.debug_info</name>
         <load_address>0x7829</load_address>
         <run_address>0x7829</run_address>
         <size>0x60</size>
         <input_file_ref idref="fl-ca"/>
      </object_component>
      <object_component id="oc-f0">
         <name>.debug_info</name>
         <load_address>0x7889</load_address>
         <run_address>0x7889</run_address>
         <size>0x46</size>
         <input_file_ref idref="fl-ca"/>
      </object_component>
      <object_component id="oc-b0">
         <name>.debug_info</name>
         <load_address>0x78cf</load_address>
         <run_address>0x78cf</run_address>
         <size>0x39</size>
         <input_file_ref idref="fl-ca"/>
      </object_component>
      <object_component id="oc-25">
         <name>.debug_info</name>
         <load_address>0x7908</load_address>
         <run_address>0x7908</run_address>
         <size>0x10b</size>
         <input_file_ref idref="fl-cb"/>
      </object_component>
      <object_component id="oc-63">
         <name>.debug_info</name>
         <load_address>0x7a13</load_address>
         <run_address>0x7a13</run_address>
         <size>0x1a9</size>
         <input_file_ref idref="fl-cb"/>
      </object_component>
      <object_component id="oc-42">
         <name>.debug_info</name>
         <load_address>0x7bbc</load_address>
         <run_address>0x7bbc</run_address>
         <size>0x119</size>
         <input_file_ref idref="fl-cc"/>
      </object_component>
      <object_component id="oc-14d">
         <name>.debug_info</name>
         <load_address>0x7cd5</load_address>
         <run_address>0x7cd5</run_address>
         <size>0x4b3</size>
         <input_file_ref idref="fl-ce"/>
      </object_component>
      <object_component id="oc-110">
         <name>.debug_info</name>
         <load_address>0x8188</load_address>
         <run_address>0x8188</run_address>
         <size>0x1a6</size>
         <input_file_ref idref="fl-ce"/>
      </object_component>
      <object_component id="oc-172">
         <name>.debug_info</name>
         <load_address>0x832e</load_address>
         <run_address>0x832e</run_address>
         <size>0x39</size>
         <input_file_ref idref="fl-ce"/>
      </object_component>
      <object_component id="oc-186">
         <name>.debug_info</name>
         <load_address>0x8367</load_address>
         <run_address>0x8367</run_address>
         <size>0x39</size>
         <input_file_ref idref="fl-ce"/>
      </object_component>
      <object_component id="oc-177">
         <name>.debug_info</name>
         <load_address>0x83a0</load_address>
         <run_address>0x83a0</run_address>
         <size>0x39</size>
         <input_file_ref idref="fl-ce"/>
      </object_component>
      <object_component id="oc-17c">
         <name>.debug_info</name>
         <load_address>0x83d9</load_address>
         <run_address>0x83d9</run_address>
         <size>0xcd</size>
         <input_file_ref idref="fl-ce"/>
      </object_component>
      <object_component id="oc-cc">
         <name>.debug_info</name>
         <load_address>0x84a6</load_address>
         <run_address>0x84a6</run_address>
         <size>0x153</size>
         <input_file_ref idref="fl-cf"/>
      </object_component>
      <object_component id="oc-102">
         <name>.debug_info</name>
         <load_address>0x85f9</load_address>
         <run_address>0x85f9</run_address>
         <size>0x122</size>
         <input_file_ref idref="fl-d1"/>
      </object_component>
      <object_component id="oc-1c1">
         <name>.debug_info</name>
         <load_address>0x871b</load_address>
         <run_address>0x871b</run_address>
         <size>0xc2</size>
      </object_component>
      <object_component id="oc-141">
         <name>.debug_line</name>
         <load_address>0x0</load_address>
         <run_address>0x0</run_address>
         <size>0x35</size>
         <input_file_ref idref="fl-2"/>
      </object_component>
      <object_component id="oc-ae">
         <name>.debug_line</name>
         <load_address>0x35</load_address>
         <run_address>0x35</run_address>
         <size>0x6f</size>
         <input_file_ref idref="fl-2"/>
      </object_component>
      <object_component id="oc-3f">
         <name>.debug_line</name>
         <load_address>0xa4</load_address>
         <run_address>0xa4</run_address>
         <size>0x20</size>
         <input_file_ref idref="fl-2"/>
      </object_component>
      <object_component id="oc-ed">
         <name>.debug_line</name>
         <load_address>0xc4</load_address>
         <run_address>0xc4</run_address>
         <size>0x73</size>
         <input_file_ref idref="fl-2"/>
      </object_component>
      <object_component id="oc-a7">
         <name>.debug_line</name>
         <load_address>0x137</load_address>
         <run_address>0x137</run_address>
         <size>0x70</size>
         <input_file_ref idref="fl-2"/>
      </object_component>
      <object_component id="oc-e9">
         <name>.debug_line</name>
         <load_address>0x1a7</load_address>
         <run_address>0x1a7</run_address>
         <size>0x3a</size>
         <input_file_ref idref="fl-3"/>
      </object_component>
      <object_component id="oc-e5">
         <name>.debug_line</name>
         <load_address>0x1e1</load_address>
         <run_address>0x1e1</run_address>
         <size>0x2d</size>
         <input_file_ref idref="fl-3"/>
      </object_component>
      <object_component id="oc-31">
         <name>.debug_line</name>
         <load_address>0x20e</load_address>
         <run_address>0x20e</run_address>
         <size>0x30b</size>
         <input_file_ref idref="fl-3"/>
      </object_component>
      <object_component id="oc-13f">
         <name>.debug_line</name>
         <load_address>0x519</load_address>
         <run_address>0x519</run_address>
         <size>0x20</size>
         <input_file_ref idref="fl-6"/>
      </object_component>
      <object_component id="oc-9e">
         <name>.debug_line</name>
         <load_address>0x539</load_address>
         <run_address>0x539</run_address>
         <size>0x1af</size>
         <input_file_ref idref="fl-6"/>
      </object_component>
      <object_component id="oc-aa">
         <name>.debug_line</name>
         <load_address>0x6e8</load_address>
         <run_address>0x6e8</run_address>
         <size>0x41</size>
         <input_file_ref idref="fl-7"/>
      </object_component>
      <object_component id="oc-34">
         <name>.debug_line</name>
         <load_address>0x729</load_address>
         <run_address>0x729</run_address>
         <size>0x41</size>
         <input_file_ref idref="fl-7"/>
      </object_component>
      <object_component id="oc-2b">
         <name>.debug_line</name>
         <load_address>0x76a</load_address>
         <run_address>0x76a</run_address>
         <size>0xc38</size>
         <input_file_ref idref="fl-7"/>
      </object_component>
      <object_component id="oc-7d">
         <name>.debug_line</name>
         <load_address>0x13a2</load_address>
         <run_address>0x13a2</run_address>
         <size>0xd2</size>
         <input_file_ref idref="fl-c1"/>
      </object_component>
      <object_component id="oc-94">
         <name>.debug_line</name>
         <load_address>0x1474</load_address>
         <run_address>0x1474</run_address>
         <size>0x77</size>
         <input_file_ref idref="fl-c2"/>
      </object_component>
      <object_component id="oc-84">
         <name>.debug_line</name>
         <load_address>0x14eb</load_address>
         <run_address>0x14eb</run_address>
         <size>0xa8</size>
         <input_file_ref idref="fl-c3"/>
      </object_component>
      <object_component id="oc-7f">
         <name>.debug_line</name>
         <load_address>0x1593</load_address>
         <run_address>0x1593</run_address>
         <size>0x8e</size>
         <input_file_ref idref="fl-c4"/>
      </object_component>
      <object_component id="oc-8c">
         <name>.debug_line</name>
         <load_address>0x1621</load_address>
         <run_address>0x1621</run_address>
         <size>0x67</size>
         <input_file_ref idref="fl-c5"/>
      </object_component>
      <object_component id="oc-91">
         <name>.debug_line</name>
         <load_address>0x1688</load_address>
         <run_address>0x1688</run_address>
         <size>0x50</size>
         <input_file_ref idref="fl-c6"/>
      </object_component>
      <object_component id="oc-76">
         <name>.debug_line</name>
         <load_address>0x16d8</load_address>
         <run_address>0x16d8</run_address>
         <size>0x4c</size>
         <input_file_ref idref="fl-c7"/>
      </object_component>
      <object_component id="oc-fd">
         <name>.debug_line</name>
         <load_address>0x1724</load_address>
         <run_address>0x1724</run_address>
         <size>0x92</size>
         <input_file_ref idref="fl-c8"/>
      </object_component>
      <object_component id="oc-52">
         <name>.debug_line</name>
         <load_address>0x17b6</load_address>
         <run_address>0x17b6</run_address>
         <size>0x4c</size>
         <input_file_ref idref="fl-c8"/>
      </object_component>
      <object_component id="oc-c2">
         <name>.debug_line</name>
         <load_address>0x1802</load_address>
         <run_address>0x1802</run_address>
         <size>0x34</size>
         <input_file_ref idref="fl-c8"/>
      </object_component>
      <object_component id="oc-fa">
         <name>.debug_line</name>
         <load_address>0x1836</load_address>
         <run_address>0x1836</run_address>
         <size>0x92</size>
         <input_file_ref idref="fl-c8"/>
      </object_component>
      <object_component id="oc-bd">
         <name>.debug_line</name>
         <load_address>0x18c8</load_address>
         <run_address>0x18c8</run_address>
         <size>0x20</size>
         <input_file_ref idref="fl-c9"/>
      </object_component>
      <object_component id="oc-1e">
         <name>.debug_line</name>
         <load_address>0x18e8</load_address>
         <run_address>0x18e8</run_address>
         <size>0x55</size>
         <input_file_ref idref="fl-c9"/>
      </object_component>
      <object_component id="oc-4a">
         <name>.debug_line</name>
         <load_address>0x193d</load_address>
         <run_address>0x193d</run_address>
         <size>0x3a</size>
         <input_file_ref idref="fl-c9"/>
      </object_component>
      <object_component id="oc-ba">
         <name>.debug_line</name>
         <load_address>0x1977</load_address>
         <run_address>0x1977</run_address>
         <size>0x92</size>
         <input_file_ref idref="fl-c9"/>
      </object_component>
      <object_component id="oc-f6">
         <name>.debug_line</name>
         <load_address>0x1a09</load_address>
         <run_address>0x1a09</run_address>
         <size>0x20</size>
         <input_file_ref idref="fl-ca"/>
      </object_component>
      <object_component id="oc-19">
         <name>.debug_line</name>
         <load_address>0x1a29</load_address>
         <run_address>0x1a29</run_address>
         <size>0xa9</size>
         <input_file_ref idref="fl-ca"/>
      </object_component>
      <object_component id="oc-3a">
         <name>.debug_line</name>
         <load_address>0x1ad2</load_address>
         <run_address>0x1ad2</run_address>
         <size>0x3a</size>
         <input_file_ref idref="fl-ca"/>
      </object_component>
      <object_component id="oc-f3">
         <name>.debug_line</name>
         <load_address>0x1b0c</load_address>
         <run_address>0x1b0c</run_address>
         <size>0x9a</size>
         <input_file_ref idref="fl-ca"/>
      </object_component>
      <object_component id="oc-b3">
         <name>.debug_line</name>
         <load_address>0x1ba6</load_address>
         <run_address>0x1ba6</run_address>
         <size>0x96</size>
         <input_file_ref idref="fl-ca"/>
      </object_component>
      <object_component id="oc-72">
         <name>.debug_line</name>
         <load_address>0x1c3c</load_address>
         <run_address>0x1c3c</run_address>
         <size>0x33</size>
         <input_file_ref idref="fl-cb"/>
      </object_component>
      <object_component id="oc-61">
         <name>.debug_line</name>
         <load_address>0x1c6f</load_address>
         <run_address>0x1c6f</run_address>
         <size>0x45</size>
         <input_file_ref idref="fl-cb"/>
      </object_component>
      <object_component id="oc-45">
         <name>.debug_line</name>
         <load_address>0x1cb4</load_address>
         <run_address>0x1cb4</run_address>
         <size>0x88</size>
         <input_file_ref idref="fl-cc"/>
      </object_component>
      <object_component id="oc-171">
         <name>.debug_line</name>
         <load_address>0x1d3c</load_address>
         <run_address>0x1d3c</run_address>
         <size>0xbf</size>
         <input_file_ref idref="fl-ce"/>
      </object_component>
      <object_component id="oc-10e">
         <name>.debug_line</name>
         <load_address>0x1dfb</load_address>
         <run_address>0x1dfb</run_address>
         <size>0x6f</size>
         <input_file_ref idref="fl-ce"/>
      </object_component>
      <object_component id="oc-175">
         <name>.debug_line</name>
         <load_address>0x1e6a</load_address>
         <run_address>0x1e6a</run_address>
         <size>0x2e</size>
         <input_file_ref idref="fl-ce"/>
      </object_component>
      <object_component id="oc-189">
         <name>.debug_line</name>
         <load_address>0x1e98</load_address>
         <run_address>0x1e98</run_address>
         <size>0x9a</size>
         <input_file_ref idref="fl-ce"/>
      </object_component>
      <object_component id="oc-17a">
         <name>.debug_line</name>
         <load_address>0x1f32</load_address>
         <run_address>0x1f32</run_address>
         <size>0x97</size>
         <input_file_ref idref="fl-ce"/>
      </object_component>
      <object_component id="oc-17f">
         <name>.debug_line</name>
         <load_address>0x1fc9</load_address>
         <run_address>0x1fc9</run_address>
         <size>0x93</size>
         <input_file_ref idref="fl-ce"/>
      </object_component>
      <object_component id="oc-d0">
         <name>.debug_line</name>
         <load_address>0x205c</load_address>
         <run_address>0x205c</run_address>
         <size>0x40</size>
         <input_file_ref idref="fl-cf"/>
      </object_component>
      <object_component id="oc-101">
         <name>.debug_line</name>
         <load_address>0x209c</load_address>
         <run_address>0x209c</run_address>
         <size>0x3c</size>
         <input_file_ref idref="fl-d1"/>
      </object_component>
      <object_component id="oc-140">
         <name>.debug_abbrev</name>
         <load_address>0x0</load_address>
         <run_address>0x0</run_address>
         <size>0x4b</size>
         <input_file_ref idref="fl-2"/>
      </object_component>
      <object_component id="oc-ad">
         <name>.debug_abbrev</name>
         <load_address>0x4b</load_address>
         <run_address>0x4b</run_address>
         <size>0x69</size>
         <input_file_ref idref="fl-2"/>
      </object_component>
      <object_component id="oc-3e">
         <name>.debug_abbrev</name>
         <load_address>0xb4</load_address>
         <run_address>0xb4</run_address>
         <size>0x1f</size>
         <input_file_ref idref="fl-2"/>
      </object_component>
      <object_component id="oc-ec">
         <name>.debug_abbrev</name>
         <load_address>0xd3</load_address>
         <run_address>0xd3</run_address>
         <size>0x5c</size>
         <input_file_ref idref="fl-2"/>
      </object_component>
      <object_component id="oc-a6">
         <name>.debug_abbrev</name>
         <load_address>0x12f</load_address>
         <run_address>0x12f</run_address>
         <size>0x24</size>
         <input_file_ref idref="fl-2"/>
      </object_component>
      <object_component id="oc-e8">
         <name>.debug_abbrev</name>
         <load_address>0x153</load_address>
         <run_address>0x153</run_address>
         <size>0xb8</size>
         <input_file_ref idref="fl-3"/>
      </object_component>
      <object_component id="oc-e4">
         <name>.debug_abbrev</name>
         <load_address>0x20b</load_address>
         <run_address>0x20b</run_address>
         <size>0x29</size>
         <input_file_ref idref="fl-3"/>
      </object_component>
      <object_component id="oc-a3">
         <name>.debug_abbrev</name>
         <load_address>0x234</load_address>
         <run_address>0x234</run_address>
         <size>0x103</size>
         <input_file_ref idref="fl-3"/>
      </object_component>
      <object_component id="oc-13e">
         <name>.debug_abbrev</name>
         <load_address>0x337</load_address>
         <run_address>0x337</run_address>
         <size>0x27</size>
         <input_file_ref idref="fl-6"/>
      </object_component>
      <object_component id="oc-e6">
         <name>.debug_abbrev</name>
         <load_address>0x35e</load_address>
         <run_address>0x35e</run_address>
         <size>0xa9</size>
         <input_file_ref idref="fl-6"/>
      </object_component>
      <object_component id="oc-a9">
         <name>.debug_abbrev</name>
         <load_address>0x407</load_address>
         <run_address>0x407</run_address>
         <size>0x68</size>
         <input_file_ref idref="fl-7"/>
      </object_component>
      <object_component id="oc-33">
         <name>.debug_abbrev</name>
         <load_address>0x46f</load_address>
         <run_address>0x46f</run_address>
         <size>0x29</size>
         <input_file_ref idref="fl-7"/>
      </object_component>
      <object_component id="oc-73">
         <name>.debug_abbrev</name>
         <load_address>0x498</load_address>
         <run_address>0x498</run_address>
         <size>0xa4</size>
         <input_file_ref idref="fl-7"/>
      </object_component>
      <object_component id="oc-de">
         <name>.debug_abbrev</name>
         <load_address>0x53c</load_address>
         <run_address>0x53c</run_address>
         <size>0x3c</size>
         <input_file_ref idref="fl-c1"/>
      </object_component>
      <object_component id="oc-e3">
         <name>.debug_abbrev</name>
         <load_address>0x578</load_address>
         <run_address>0x578</run_address>
         <size>0x3c</size>
         <input_file_ref idref="fl-c2"/>
      </object_component>
      <object_component id="oc-e0">
         <name>.debug_abbrev</name>
         <load_address>0x5b4</load_address>
         <run_address>0x5b4</run_address>
         <size>0x3c</size>
         <input_file_ref idref="fl-c3"/>
      </object_component>
      <object_component id="oc-df">
         <name>.debug_abbrev</name>
         <load_address>0x5f0</load_address>
         <run_address>0x5f0</run_address>
         <size>0x3c</size>
         <input_file_ref idref="fl-c4"/>
      </object_component>
      <object_component id="oc-e1">
         <name>.debug_abbrev</name>
         <load_address>0x62c</load_address>
         <run_address>0x62c</run_address>
         <size>0x3e</size>
         <input_file_ref idref="fl-c5"/>
      </object_component>
      <object_component id="oc-e2">
         <name>.debug_abbrev</name>
         <load_address>0x66a</load_address>
         <run_address>0x66a</run_address>
         <size>0x3e</size>
         <input_file_ref idref="fl-c6"/>
      </object_component>
      <object_component id="oc-dd">
         <name>.debug_abbrev</name>
         <load_address>0x6a8</load_address>
         <run_address>0x6a8</run_address>
         <size>0x3e</size>
         <input_file_ref idref="fl-c7"/>
      </object_component>
      <object_component id="oc-fc">
         <name>.debug_abbrev</name>
         <load_address>0x6e6</load_address>
         <run_address>0x6e6</run_address>
         <size>0x5d</size>
         <input_file_ref idref="fl-c8"/>
      </object_component>
      <object_component id="oc-be">
         <name>.debug_abbrev</name>
         <load_address>0x743</load_address>
         <run_address>0x743</run_address>
         <size>0x6f</size>
         <input_file_ref idref="fl-c8"/>
      </object_component>
      <object_component id="oc-c1">
         <name>.debug_abbrev</name>
         <load_address>0x7b2</load_address>
         <run_address>0x7b2</run_address>
         <size>0x24</size>
         <input_file_ref idref="fl-c8"/>
      </object_component>
      <object_component id="oc-f9">
         <name>.debug_abbrev</name>
         <load_address>0x7d6</load_address>
         <run_address>0x7d6</run_address>
         <size>0x24</size>
         <input_file_ref idref="fl-c8"/>
      </object_component>
      <object_component id="oc-bc">
         <name>.debug_abbrev</name>
         <load_address>0x7fa</load_address>
         <run_address>0x7fa</run_address>
         <size>0x37</size>
         <input_file_ref idref="fl-c9"/>
      </object_component>
      <object_component id="oc-46">
         <name>.debug_abbrev</name>
         <load_address>0x831</load_address>
         <run_address>0x831</run_address>
         <size>0x74</size>
         <input_file_ref idref="fl-c9"/>
      </object_component>
      <object_component id="oc-49">
         <name>.debug_abbrev</name>
         <load_address>0x8a5</load_address>
         <run_address>0x8a5</run_address>
         <size>0x24</size>
         <input_file_ref idref="fl-c9"/>
      </object_component>
      <object_component id="oc-b9">
         <name>.debug_abbrev</name>
         <load_address>0x8c9</load_address>
         <run_address>0x8c9</run_address>
         <size>0x24</size>
         <input_file_ref idref="fl-c9"/>
      </object_component>
      <object_component id="oc-f5">
         <name>.debug_abbrev</name>
         <load_address>0x8ed</load_address>
         <run_address>0x8ed</run_address>
         <size>0x37</size>
         <input_file_ref idref="fl-ca"/>
      </object_component>
      <object_component id="oc-36">
         <name>.debug_abbrev</name>
         <load_address>0x924</load_address>
         <run_address>0x924</run_address>
         <size>0x6f</size>
         <input_file_ref idref="fl-ca"/>
      </object_component>
      <object_component id="oc-39">
         <name>.debug_abbrev</name>
         <load_address>0x993</load_address>
         <run_address>0x993</run_address>
         <size>0x24</size>
         <input_file_ref idref="fl-ca"/>
      </object_component>
      <object_component id="oc-f2">
         <name>.debug_abbrev</name>
         <load_address>0x9b7</load_address>
         <run_address>0x9b7</run_address>
         <size>0x35</size>
         <input_file_ref idref="fl-ca"/>
      </object_component>
      <object_component id="oc-b2">
         <name>.debug_abbrev</name>
         <load_address>0x9ec</load_address>
         <run_address>0x9ec</run_address>
         <size>0x24</size>
         <input_file_ref idref="fl-ca"/>
      </object_component>
      <object_component id="oc-71">
         <name>.debug_abbrev</name>
         <load_address>0xa10</load_address>
         <run_address>0xa10</run_address>
         <size>0x29</size>
         <input_file_ref idref="fl-cb"/>
      </object_component>
      <object_component id="oc-d4">
         <name>.debug_abbrev</name>
         <load_address>0xa39</load_address>
         <run_address>0xa39</run_address>
         <size>0x55</size>
         <input_file_ref idref="fl-cb"/>
      </object_component>
      <object_component id="oc-b6">
         <name>.debug_abbrev</name>
         <load_address>0xa8e</load_address>
         <run_address>0xa8e</run_address>
         <size>0x3e</size>
         <input_file_ref idref="fl-cc"/>
      </object_component>
      <object_component id="oc-170">
         <name>.debug_abbrev</name>
         <load_address>0xacc</load_address>
         <run_address>0xacc</run_address>
         <size>0xc0</size>
         <input_file_ref idref="fl-ce"/>
      </object_component>
      <object_component id="oc-14c">
         <name>.debug_abbrev</name>
         <load_address>0xb8c</load_address>
         <run_address>0xb8c</run_address>
         <size>0x7e</size>
         <input_file_ref idref="fl-ce"/>
      </object_component>
      <object_component id="oc-174">
         <name>.debug_abbrev</name>
         <load_address>0xc0a</load_address>
         <run_address>0xc0a</run_address>
         <size>0x24</size>
         <input_file_ref idref="fl-ce"/>
      </object_component>
      <object_component id="oc-188">
         <name>.debug_abbrev</name>
         <load_address>0xc2e</load_address>
         <run_address>0xc2e</run_address>
         <size>0x24</size>
         <input_file_ref idref="fl-ce"/>
      </object_component>
      <object_component id="oc-179">
         <name>.debug_abbrev</name>
         <load_address>0xc52</load_address>
         <run_address>0xc52</run_address>
         <size>0x24</size>
         <input_file_ref idref="fl-ce"/>
      </object_component>
      <object_component id="oc-17e">
         <name>.debug_abbrev</name>
         <load_address>0xc76</load_address>
         <run_address>0xc76</run_address>
         <size>0x4b</size>
         <input_file_ref idref="fl-ce"/>
      </object_component>
      <object_component id="oc-ff">
         <name>.debug_abbrev</name>
         <load_address>0xcc1</load_address>
         <run_address>0xcc1</run_address>
         <size>0x55</size>
         <input_file_ref idref="fl-cf"/>
      </object_component>
      <object_component id="oc-142">
         <name>.debug_abbrev</name>
         <load_address>0xd16</load_address>
         <run_address>0xd16</run_address>
         <size>0x45</size>
         <input_file_ref idref="fl-d1"/>
      </object_component>
      <object_component id="oc-1c2">
         <name>.debug_abbrev</name>
         <load_address>0xd5b</load_address>
         <run_address>0xd5b</run_address>
         <size>0xf</size>
      </object_component>
      <object_component id="oc-af">
         <name>.debug_str</name>
         <load_address>0x0</load_address>
         <run_address>0x0</run_address>
         <size>0x2d3</size>
         <input_file_ref idref="fl-2"/>
      </object_component>
      <object_component id="oc-40">
         <name>.debug_str</name>
         <load_address>0x2d3</load_address>
         <run_address>0x2d3</run_address>
         <size>0xfd</size>
         <input_file_ref idref="fl-2"/>
      </object_component>
      <object_component id="oc-ee">
         <name>.debug_str</name>
         <load_address>0x3d0</load_address>
         <run_address>0x3d0</run_address>
         <size>0x369</size>
         <input_file_ref idref="fl-2"/>
      </object_component>
      <object_component id="oc-a8">
         <name>.debug_str</name>
         <load_address>0x739</load_address>
         <run_address>0x739</run_address>
         <size>0x16b</size>
         <input_file_ref idref="fl-2"/>
      </object_component>
      <object_component id="oc-c3">
         <name>.debug_str</name>
         <load_address>0x8a4</load_address>
         <run_address>0x8a4</run_address>
         <size>0x105</size>
         <input_file_ref idref="fl-c8"/>
      </object_component>
      <object_component id="oc-fb">
         <name>.debug_str</name>
         <load_address>0x9a9</load_address>
         <run_address>0x9a9</run_address>
         <size>0x140</size>
         <input_file_ref idref="fl-c8"/>
      </object_component>
      <object_component id="oc-4b">
         <name>.debug_str</name>
         <load_address>0xae9</load_address>
         <run_address>0xae9</run_address>
         <size>0x10b</size>
         <input_file_ref idref="fl-c9"/>
      </object_component>
      <object_component id="oc-bb">
         <name>.debug_str</name>
         <load_address>0xbf4</load_address>
         <run_address>0xbf4</run_address>
         <size>0x140</size>
         <input_file_ref idref="fl-c9"/>
      </object_component>
      <object_component id="oc-3b">
         <name>.debug_str</name>
         <load_address>0xd34</load_address>
         <run_address>0xd34</run_address>
         <size>0x118</size>
         <input_file_ref idref="fl-ca"/>
      </object_component>
      <object_component id="oc-f4">
         <name>.debug_str</name>
         <load_address>0xe4c</load_address>
         <run_address>0xe4c</run_address>
         <size>0x16b</size>
         <input_file_ref idref="fl-ca"/>
      </object_component>
      <object_component id="oc-b4">
         <name>.debug_str</name>
         <load_address>0xfb7</load_address>
         <run_address>0xfb7</run_address>
         <size>0x158</size>
         <input_file_ref idref="fl-ca"/>
      </object_component>
      <object_component id="oc-176">
         <name>.debug_str</name>
         <load_address>0x110f</load_address>
         <run_address>0x110f</run_address>
         <size>0xed</size>
         <input_file_ref idref="fl-ce"/>
      </object_component>
      <object_component id="oc-18a">
         <name>.debug_str</name>
         <load_address>0x11fc</load_address>
         <run_address>0x11fc</run_address>
         <size>0x157</size>
         <input_file_ref idref="fl-ce"/>
      </object_component>
      <object_component id="oc-17b">
         <name>.debug_str</name>
         <load_address>0x1353</load_address>
         <run_address>0x1353</run_address>
         <size>0x150</size>
         <input_file_ref idref="fl-ce"/>
      </object_component>
      <object_component id="oc-180">
         <name>.debug_str</name>
         <load_address>0x14a3</load_address>
         <run_address>0x14a3</run_address>
         <size>0x197</size>
         <input_file_ref idref="fl-ce"/>
      </object_component>
      <object_component id="oc-ac">
         <name>.debug_pubtypes</name>
         <load_address>0x0</load_address>
         <run_address>0x0</run_address>
         <size>0x25c</size>
         <input_file_ref idref="fl-2"/>
      </object_component>
      <object_component id="oc-3d">
         <name>.debug_pubtypes</name>
         <load_address>0x25c</load_address>
         <run_address>0x25c</run_address>
         <size>0xed</size>
         <input_file_ref idref="fl-2"/>
      </object_component>
      <object_component id="oc-eb">
         <name>.debug_pubtypes</name>
         <load_address>0x349</load_address>
         <run_address>0x349</run_address>
         <size>0x330</size>
         <input_file_ref idref="fl-2"/>
      </object_component>
      <object_component id="oc-a5">
         <name>.debug_pubtypes</name>
         <load_address>0x679</load_address>
         <run_address>0x679</run_address>
         <size>0xaa</size>
         <input_file_ref idref="fl-2"/>
      </object_component>
      <object_component id="oc-c0">
         <name>.debug_pubtypes</name>
         <load_address>0x723</load_address>
         <run_address>0x723</run_address>
         <size>0x48</size>
         <input_file_ref idref="fl-c8"/>
      </object_component>
      <object_component id="oc-f8">
         <name>.debug_pubtypes</name>
         <load_address>0x76b</load_address>
         <run_address>0x76b</run_address>
         <size>0x1d</size>
         <input_file_ref idref="fl-c8"/>
      </object_component>
      <object_component id="oc-48">
         <name>.debug_pubtypes</name>
         <load_address>0x788</load_address>
         <run_address>0x788</run_address>
         <size>0x48</size>
         <input_file_ref idref="fl-c9"/>
      </object_component>
      <object_component id="oc-b8">
         <name>.debug_pubtypes</name>
         <load_address>0x7d0</load_address>
         <run_address>0x7d0</run_address>
         <size>0x1d</size>
         <input_file_ref idref="fl-c9"/>
      </object_component>
      <object_component id="oc-38">
         <name>.debug_pubtypes</name>
         <load_address>0x7ed</load_address>
         <run_address>0x7ed</run_address>
         <size>0x5d</size>
         <input_file_ref idref="fl-ca"/>
      </object_component>
      <object_component id="oc-f1">
         <name>.debug_pubtypes</name>
         <load_address>0x84a</load_address>
         <run_address>0x84a</run_address>
         <size>0x48</size>
         <input_file_ref idref="fl-ca"/>
      </object_component>
      <object_component id="oc-b1">
         <name>.debug_pubtypes</name>
         <load_address>0x892</load_address>
         <run_address>0x892</run_address>
         <size>0x35</size>
         <input_file_ref idref="fl-ca"/>
      </object_component>
      <object_component id="oc-173">
         <name>.debug_pubtypes</name>
         <load_address>0x8c7</load_address>
         <run_address>0x8c7</run_address>
         <size>0x32</size>
         <input_file_ref idref="fl-ce"/>
      </object_component>
      <object_component id="oc-187">
         <name>.debug_pubtypes</name>
         <load_address>0x8f9</load_address>
         <run_address>0x8f9</run_address>
         <size>0x30</size>
         <input_file_ref idref="fl-ce"/>
      </object_component>
      <object_component id="oc-178">
         <name>.debug_pubtypes</name>
         <load_address>0x929</load_address>
         <run_address>0x929</run_address>
         <size>0x2c</size>
         <input_file_ref idref="fl-ce"/>
      </object_component>
      <object_component id="oc-17d">
         <name>.debug_pubtypes</name>
         <load_address>0x955</load_address>
         <run_address>0x955</run_address>
         <size>0x50</size>
         <input_file_ref idref="fl-ce"/>
      </object_component>
      <object_component id="oc-32">
         <name>.debug_frame</name>
         <load_address>0x0</load_address>
         <run_address>0x0</run_address>
         <size>0x1cc</size>
         <input_file_ref idref="fl-3"/>
      </object_component>
      <object_component id="oc-9f">
         <name>.debug_frame</name>
         <load_address>0x1cc</load_address>
         <run_address>0x1cc</run_address>
         <size>0x110</size>
         <input_file_ref idref="fl-6"/>
      </object_component>
      <object_component id="oc-2c">
         <name>.debug_frame</name>
         <load_address>0x2dc</load_address>
         <run_address>0x2dc</run_address>
         <size>0xa2c</size>
         <input_file_ref idref="fl-7"/>
      </object_component>
      <object_component id="oc-4e">
         <name>.debug_frame</name>
         <load_address>0xd08</load_address>
         <run_address>0xd08</run_address>
         <size>0x54</size>
         <input_file_ref idref="fl-c8"/>
      </object_component>
      <object_component id="oc-1d">
         <name>.debug_frame</name>
         <load_address>0xd5c</load_address>
         <run_address>0xd5c</run_address>
         <size>0x54</size>
         <input_file_ref idref="fl-c9"/>
      </object_component>
      <object_component id="oc-1a">
         <name>.debug_frame</name>
         <load_address>0xdb0</load_address>
         <run_address>0xdb0</run_address>
         <size>0x60</size>
         <input_file_ref idref="fl-ca"/>
      </object_component>
      <object_component id="oc-60">
         <name>.debug_frame</name>
         <load_address>0xe10</load_address>
         <run_address>0xe10</run_address>
         <size>0x50</size>
         <input_file_ref idref="fl-cb"/>
      </object_component>
      <object_component id="oc-10f">
         <name>.debug_frame</name>
         <load_address>0xe60</load_address>
         <run_address>0xe60</run_address>
         <size>0x5c</size>
         <input_file_ref idref="fl-ce"/>
      </object_component>
      <object_component id="oc-cf">
         <name>.debug_frame</name>
         <load_address>0xebc</load_address>
         <run_address>0xebc</run_address>
         <size>0x54</size>
         <input_file_ref idref="fl-cf"/>
      </object_component>
      <object_component id="oc-105">
         <name>.debug_frame</name>
         <load_address>0xf10</load_address>
         <run_address>0xf10</run_address>
         <size>0x54</size>
         <input_file_ref idref="fl-d1"/>
      </object_component>
      <object_component id="oc-30">
         <name>.debug_aranges</name>
         <load_address>0x0</load_address>
         <run_address>0x0</run_address>
         <size>0xa0</size>
         <input_file_ref idref="fl-3"/>
      </object_component>
      <object_component id="oc-9c">
         <name>.debug_aranges</name>
         <load_address>0xa0</load_address>
         <run_address>0xa0</run_address>
         <size>0x58</size>
         <input_file_ref idref="fl-6"/>
      </object_component>
      <object_component id="oc-28">
         <name>.debug_aranges</name>
         <load_address>0xf8</load_address>
         <run_address>0xf8</run_address>
         <size>0x410</size>
         <input_file_ref idref="fl-7"/>
      </object_component>
      <object_component id="oc-7b">
         <name>.debug_aranges</name>
         <load_address>0x508</load_address>
         <run_address>0x508</run_address>
         <size>0x20</size>
         <input_file_ref idref="fl-c1"/>
      </object_component>
      <object_component id="oc-93">
         <name>.debug_aranges</name>
         <load_address>0x528</load_address>
         <run_address>0x528</run_address>
         <size>0x20</size>
         <input_file_ref idref="fl-c2"/>
      </object_component>
      <object_component id="oc-86">
         <name>.debug_aranges</name>
         <load_address>0x548</load_address>
         <run_address>0x548</run_address>
         <size>0x20</size>
         <input_file_ref idref="fl-c3"/>
      </object_component>
      <object_component id="oc-82">
         <name>.debug_aranges</name>
         <load_address>0x568</load_address>
         <run_address>0x568</run_address>
         <size>0x20</size>
         <input_file_ref idref="fl-c4"/>
      </object_component>
      <object_component id="oc-89">
         <name>.debug_aranges</name>
         <load_address>0x588</load_address>
         <run_address>0x588</run_address>
         <size>0x20</size>
         <input_file_ref idref="fl-c5"/>
      </object_component>
      <object_component id="oc-8f">
         <name>.debug_aranges</name>
         <load_address>0x5a8</load_address>
         <run_address>0x5a8</run_address>
         <size>0x20</size>
         <input_file_ref idref="fl-c6"/>
      </object_component>
      <object_component id="oc-75">
         <name>.debug_aranges</name>
         <load_address>0x5c8</load_address>
         <run_address>0x5c8</run_address>
         <size>0x20</size>
         <input_file_ref idref="fl-c7"/>
      </object_component>
      <object_component id="oc-4f">
         <name>.debug_aranges</name>
         <load_address>0x5e8</load_address>
         <run_address>0x5e8</run_address>
         <size>0x20</size>
         <input_file_ref idref="fl-c8"/>
      </object_component>
      <object_component id="oc-1c">
         <name>.debug_aranges</name>
         <load_address>0x608</load_address>
         <run_address>0x608</run_address>
         <size>0x20</size>
         <input_file_ref idref="fl-c9"/>
      </object_component>
      <object_component id="oc-16">
         <name>.debug_aranges</name>
         <load_address>0x628</load_address>
         <run_address>0x628</run_address>
         <size>0x20</size>
         <input_file_ref idref="fl-ca"/>
      </object_component>
      <object_component id="oc-62">
         <name>.debug_aranges</name>
         <load_address>0x648</load_address>
         <run_address>0x648</run_address>
         <size>0x20</size>
         <input_file_ref idref="fl-cb"/>
      </object_component>
      <object_component id="oc-43">
         <name>.debug_aranges</name>
         <load_address>0x668</load_address>
         <run_address>0x668</run_address>
         <size>0x20</size>
         <input_file_ref idref="fl-cc"/>
      </object_component>
      <object_component id="oc-10d">
         <name>.debug_aranges</name>
         <load_address>0x688</load_address>
         <run_address>0x688</run_address>
         <size>0x20</size>
         <input_file_ref idref="fl-ce"/>
      </object_component>
      <object_component id="oc-cd">
         <name>.debug_aranges</name>
         <load_address>0x6a8</load_address>
         <run_address>0x6a8</run_address>
         <size>0x20</size>
         <input_file_ref idref="fl-cf"/>
      </object_component>
      <object_component id="oc-103">
         <name>.debug_aranges</name>
         <load_address>0x6c8</load_address>
         <run_address>0x6c8</run_address>
         <size>0x20</size>
         <input_file_ref idref="fl-d1"/>
      </object_component>
      <object_component id="oc-a2">
         <name>.debug_pubnames</name>
         <load_address>0x0</load_address>
         <run_address>0x0</run_address>
         <size>0x1d</size>
         <input_file_ref idref="fl-3"/>
      </object_component>
      <object_component id="oc-99">
         <name>.debug_pubnames</name>
         <load_address>0x1d</load_address>
         <run_address>0x1d</run_address>
         <size>0x145</size>
         <input_file_ref idref="fl-3"/>
      </object_component>
      <object_component id="oc-2f">
         <name>.debug_pubnames</name>
         <load_address>0x162</load_address>
         <run_address>0x162</run_address>
         <size>0x11b</size>
         <input_file_ref idref="fl-3"/>
      </object_component>
      <object_component id="oc-9d">
         <name>.debug_pubnames</name>
         <load_address>0x27d</load_address>
         <run_address>0x27d</run_address>
         <size>0x9a</size>
         <input_file_ref idref="fl-6"/>
      </object_component>
      <object_component id="oc-14">
         <name>.debug_pubnames</name>
         <load_address>0x317</load_address>
         <run_address>0x317</run_address>
         <size>0x23</size>
         <input_file_ref idref="fl-7"/>
      </object_component>
      <object_component id="oc-2a">
         <name>.debug_pubnames</name>
         <load_address>0x33a</load_address>
         <run_address>0x33a</run_address>
         <size>0xa55</size>
         <input_file_ref idref="fl-7"/>
      </object_component>
      <object_component id="oc-7c">
         <name>.debug_pubnames</name>
         <load_address>0xd8f</load_address>
         <run_address>0xd8f</run_address>
         <size>0x23</size>
         <input_file_ref idref="fl-c1"/>
      </object_component>
      <object_component id="oc-96">
         <name>.debug_pubnames</name>
         <load_address>0xdb2</load_address>
         <run_address>0xdb2</run_address>
         <size>0x26</size>
         <input_file_ref idref="fl-c2"/>
      </object_component>
      <object_component id="oc-87">
         <name>.debug_pubnames</name>
         <load_address>0xdd8</load_address>
         <run_address>0xdd8</run_address>
         <size>0x23</size>
         <input_file_ref idref="fl-c3"/>
      </object_component>
      <object_component id="oc-81">
         <name>.debug_pubnames</name>
         <load_address>0xdfb</load_address>
         <run_address>0xdfb</run_address>
         <size>0x23</size>
         <input_file_ref idref="fl-c4"/>
      </object_component>
      <object_component id="oc-8b">
         <name>.debug_pubnames</name>
         <load_address>0xe1e</load_address>
         <run_address>0xe1e</run_address>
         <size>0x22</size>
         <input_file_ref idref="fl-c5"/>
      </object_component>
      <object_component id="oc-90">
         <name>.debug_pubnames</name>
         <load_address>0xe40</load_address>
         <run_address>0xe40</run_address>
         <size>0x22</size>
         <input_file_ref idref="fl-c6"/>
      </object_component>
      <object_component id="oc-78">
         <name>.debug_pubnames</name>
         <load_address>0xe62</load_address>
         <run_address>0xe62</run_address>
         <size>0x23</size>
         <input_file_ref idref="fl-c7"/>
      </object_component>
      <object_component id="oc-51">
         <name>.debug_pubnames</name>
         <load_address>0xe85</load_address>
         <run_address>0xe85</run_address>
         <size>0x2e</size>
         <input_file_ref idref="fl-c8"/>
      </object_component>
      <object_component id="oc-20">
         <name>.debug_pubnames</name>
         <load_address>0xeb3</load_address>
         <run_address>0xeb3</run_address>
         <size>0x2b</size>
         <input_file_ref idref="fl-c9"/>
      </object_component>
      <object_component id="oc-18">
         <name>.debug_pubnames</name>
         <load_address>0xede</load_address>
         <run_address>0xede</run_address>
         <size>0x2b</size>
         <input_file_ref idref="fl-ca"/>
      </object_component>
      <object_component id="oc-26">
         <name>.debug_pubnames</name>
         <load_address>0xf09</load_address>
         <run_address>0xf09</run_address>
         <size>0x1e</size>
         <input_file_ref idref="fl-cb"/>
      </object_component>
      <object_component id="oc-64">
         <name>.debug_pubnames</name>
         <load_address>0xf27</load_address>
         <run_address>0xf27</run_address>
         <size>0x26</size>
         <input_file_ref idref="fl-cb"/>
      </object_component>
      <object_component id="oc-44">
         <name>.debug_pubnames</name>
         <load_address>0xf4d</load_address>
         <run_address>0xf4d</run_address>
         <size>0x1d</size>
         <input_file_ref idref="fl-cc"/>
      </object_component>
      <object_component id="oc-111">
         <name>.debug_pubnames</name>
         <load_address>0xf6a</load_address>
         <run_address>0xf6a</run_address>
         <size>0x35</size>
         <input_file_ref idref="fl-ce"/>
      </object_component>
      <object_component id="oc-ce">
         <name>.debug_pubnames</name>
         <load_address>0xf9f</load_address>
         <run_address>0xf9f</run_address>
         <size>0x27</size>
         <input_file_ref idref="fl-cf"/>
      </object_component>
      <object_component id="oc-104">
         <name>.debug_pubnames</name>
         <load_address>0xfc6</load_address>
         <run_address>0xfc6</run_address>
         <size>0x1c</size>
         <input_file_ref idref="fl-d1"/>
      </object_component>
   </object_component_list>
   <logical_group_list>
      <logical_group id="lg-3" display="no" color="cyan">
         <name>.intvecs</name>
         <load_address>0x0</load_address>
         <run_address>0x0</run_address>
         <size>0x26c</size>
         <contents>
            <object_component_ref idref="oc-12"/>
         </contents>
      </logical_group>
      <logical_group id="lg-4" display="no" color="cyan">
         <name>.text</name>
         <load_address>0x26c</load_address>
         <run_address>0x26c</run_address>
         <size>0x13ec</size>
         <contents>
            <object_component_ref idref="oc-2d"/>
            <object_component_ref idref="oc-9a"/>
            <object_component_ref idref="oc-79"/>
            <object_component_ref idref="oc-83"/>
            <object_component_ref idref="oc-27"/>
            <object_component_ref idref="oc-7e"/>
            <object_component_ref idref="oc-41"/>
            <object_component_ref idref="oc-92"/>
            <object_component_ref idref="oc-88"/>
            <object_component_ref idref="oc-15"/>
            <object_component_ref idref="oc-10c"/>
            <object_component_ref idref="oc-5f"/>
            <object_component_ref idref="oc-8d"/>
            <object_component_ref idref="oc-74"/>
            <object_component_ref idref="oc-4d"/>
            <object_component_ref idref="oc-1b"/>
            <object_component_ref idref="oc-cb"/>
            <object_component_ref idref="oc-100"/>
         </contents>
      </logical_group>
      <logical_group id="lg-5" display="no" color="cyan">
         <name>.const</name>
         <run_address>0x0</run_address>
         <size>0x0</size>
         <contents>
         </contents>
      </logical_group>
      <logical_group id="lg-6" display="no" color="cyan">
         <name>.cinit</name>
         <load_address>0x1658</load_address>
         <run_address>0x1658</run_address>
         <size>0x40</size>
         <contents>
            <object_component_ref idref="oc-1bd"/>
            <object_component_ref idref="oc-1bb"/>
            <object_component_ref idref="oc-1be"/>
            <object_component_ref idref="oc-1bc"/>
         </contents>
      </logical_group>
      <logical_group id="lg-7" display="no" color="cyan">
         <name>.pinit</name>
         <run_address>0x0</run_address>
         <size>0x0</size>
         <contents>
         </contents>
      </logical_group>
      <logical_group id="lg-8" display="no" color="cyan">
         <name>.init_array</name>
         <run_address>0x0</run_address>
         <size>0x0</size>
         <contents>
         </contents>
      </logical_group>
      <logical_group id="lg-9" display="no" color="cyan">
         <name>.vtable</name>
         <run_address>0x0</run_address>
         <size>0x0</size>
         <contents>
         </contents>
      </logical_group>
      <logical_group id="lg-a" display="no" color="cyan">
         <name>.data</name>
         <run_address>0x20000390</run_address>
         <size>0x5c</size>
         <contents>
            <object_component_ref idref="oc-97"/>
         </contents>
      </logical_group>
      <logical_group id="lg-b" display="no" color="cyan">
         <name>.bss</name>
         <run_address>0x20000200</run_address>
         <size>0x190</size>
         <contents>
            <object_component_ref idref="oc-a0"/>
         </contents>
      </logical_group>
      <logical_group id="lg-c" display="no" color="cyan">
         <name>.sysmem</name>
         <run_address>0x0</run_address>
         <size>0x0</size>
         <contents>
         </contents>
      </logical_group>
      <logical_group id="lg-d" display="no" color="cyan">
         <name>.stack</name>
         <run_address>0x20000000</run_address>
         <size>0x200</size>
         <contents>
            <object_component_ref idref="oc-24"/>
            <object_component_ref idref="oc-1c0"/>
         </contents>
      </logical_group>
      <logical_group id="lg-192" display="no" color="cyan">
         <name>.TI.noinit</name>
         <run_address>0x0</run_address>
         <size>0x0</size>
         <contents>
         </contents>
      </logical_group>
      <logical_group id="lg-193" display="no" color="cyan">
         <name>.TI.persistent</name>
         <run_address>0x0</run_address>
         <size>0x0</size>
         <contents>
         </contents>
      </logical_group>
      <logical_group id="lg-194" display="no" color="cyan">
         <name>__llvm_prf_cnts</name>
         <run_address>0x20000000</run_address>
         <size>0x0</size>
         <contents>
         </contents>
      </logical_group>
      <logical_group id="lg-1a3" display="never" color="cyan">
         <name>.debug_info</name>
         <load_address>0x0</load_address>
         <run_address>0x0</run_address>
         <size>0x87dd</size>
         <contents>
            <object_component_ref idref="oc-ef"/>
            <object_component_ref idref="oc-ab"/>
            <object_component_ref idref="oc-3c"/>
            <object_component_ref idref="oc-ea"/>
            <object_component_ref idref="oc-a4"/>
            <object_component_ref idref="oc-a1"/>
            <object_component_ref idref="oc-98"/>
            <object_component_ref idref="oc-2e"/>
            <object_component_ref idref="oc-e7"/>
            <object_component_ref idref="oc-9b"/>
            <object_component_ref idref="oc-35"/>
            <object_component_ref idref="oc-13"/>
            <object_component_ref idref="oc-29"/>
            <object_component_ref idref="oc-7a"/>
            <object_component_ref idref="oc-95"/>
            <object_component_ref idref="oc-85"/>
            <object_component_ref idref="oc-80"/>
            <object_component_ref idref="oc-8a"/>
            <object_component_ref idref="oc-8e"/>
            <object_component_ref idref="oc-77"/>
            <object_component_ref idref="oc-c4"/>
            <object_component_ref idref="oc-50"/>
            <object_component_ref idref="oc-bf"/>
            <object_component_ref idref="oc-f7"/>
            <object_component_ref idref="oc-4c"/>
            <object_component_ref idref="oc-1f"/>
            <object_component_ref idref="oc-47"/>
            <object_component_ref idref="oc-b7"/>
            <object_component_ref idref="oc-b5"/>
            <object_component_ref idref="oc-17"/>
            <object_component_ref idref="oc-37"/>
            <object_component_ref idref="oc-f0"/>
            <object_component_ref idref="oc-b0"/>
            <object_component_ref idref="oc-25"/>
            <object_component_ref idref="oc-63"/>
            <object_component_ref idref="oc-42"/>
            <object_component_ref idref="oc-14d"/>
            <object_component_ref idref="oc-110"/>
            <object_component_ref idref="oc-172"/>
            <object_component_ref idref="oc-186"/>
            <object_component_ref idref="oc-177"/>
            <object_component_ref idref="oc-17c"/>
            <object_component_ref idref="oc-cc"/>
            <object_component_ref idref="oc-102"/>
            <object_component_ref idref="oc-1c1"/>
         </contents>
      </logical_group>
      <logical_group id="lg-1a5" display="never" color="cyan">
         <name>.debug_line</name>
         <load_address>0x0</load_address>
         <run_address>0x0</run_address>
         <size>0x20d8</size>
         <contents>
            <object_component_ref idref="oc-141"/>
            <object_component_ref idref="oc-ae"/>
            <object_component_ref idref="oc-3f"/>
            <object_component_ref idref="oc-ed"/>
            <object_component_ref idref="oc-a7"/>
            <object_component_ref idref="oc-e9"/>
            <object_component_ref idref="oc-e5"/>
            <object_component_ref idref="oc-31"/>
            <object_component_ref idref="oc-13f"/>
            <object_component_ref idref="oc-9e"/>
            <object_component_ref idref="oc-aa"/>
            <object_component_ref idref="oc-34"/>
            <object_component_ref idref="oc-2b"/>
            <object_component_ref idref="oc-7d"/>
            <object_component_ref idref="oc-94"/>
            <object_component_ref idref="oc-84"/>
            <object_component_ref idref="oc-7f"/>
            <object_component_ref idref="oc-8c"/>
            <object_component_ref idref="oc-91"/>
            <object_component_ref idref="oc-76"/>
            <object_component_ref idref="oc-fd"/>
            <object_component_ref idref="oc-52"/>
            <object_component_ref idref="oc-c2"/>
            <object_component_ref idref="oc-fa"/>
            <object_component_ref idref="oc-bd"/>
            <object_component_ref idref="oc-1e"/>
            <object_component_ref idref="oc-4a"/>
            <object_component_ref idref="oc-ba"/>
            <object_component_ref idref="oc-f6"/>
            <object_component_ref idref="oc-19"/>
            <object_component_ref idref="oc-3a"/>
            <object_component_ref idref="oc-f3"/>
            <object_component_ref idref="oc-b3"/>
            <object_component_ref idref="oc-72"/>
            <object_component_ref idref="oc-61"/>
            <object_component_ref idref="oc-45"/>
            <object_component_ref idref="oc-171"/>
            <object_component_ref idref="oc-10e"/>
            <object_component_ref idref="oc-175"/>
            <object_component_ref idref="oc-189"/>
            <object_component_ref idref="oc-17a"/>
            <object_component_ref idref="oc-17f"/>
            <object_component_ref idref="oc-d0"/>
            <object_component_ref idref="oc-101"/>
         </contents>
      </logical_group>
      <logical_group id="lg-1a7" display="never" color="cyan">
         <name>.debug_abbrev</name>
         <load_address>0x0</load_address>
         <run_address>0x0</run_address>
         <size>0xd6a</size>
         <contents>
            <object_component_ref idref="oc-140"/>
            <object_component_ref idref="oc-ad"/>
            <object_component_ref idref="oc-3e"/>
            <object_component_ref idref="oc-ec"/>
            <object_component_ref idref="oc-a6"/>
            <object_component_ref idref="oc-e8"/>
            <object_component_ref idref="oc-e4"/>
            <object_component_ref idref="oc-a3"/>
            <object_component_ref idref="oc-13e"/>
            <object_component_ref idref="oc-e6"/>
            <object_component_ref idref="oc-a9"/>
            <object_component_ref idref="oc-33"/>
            <object_component_ref idref="oc-73"/>
            <object_component_ref idref="oc-de"/>
            <object_component_ref idref="oc-e3"/>
            <object_component_ref idref="oc-e0"/>
            <object_component_ref idref="oc-df"/>
[...]
         <name>PWM0Generator3_Handler</name>
         <value>0x11c7</value>
         <object_component_ref idref="oc-27"/>
      </symbol>
      <symbol id="sm-2b2">
         <name>I2C2_Handler</name>
         <value>0x11ed</value>
         <object_component_ref idref="oc-27"/>
      </symbol>
      <symbol id="sm-2b3">
         <name>Timer1A_Handler</name>
         <value>0x1197</value>
         <object_component_ref idref="oc-27"/>
      </symbol>
      <symbol id="sm-2b4">
         <name>Timer3A_Handler</name>
         <value>0x11b3</value>
         <object_component_ref idref="oc-27"/>
      </symbol>
      <symbol id="sm-2b5">
         <name>Timer5A_Handler</name>
         <value>0x11f5</value>
         <object_component_ref idref="oc-27"/>
      </symbol>
      <symbol id="sm-2b6">
         <name>GPIOPortL_Handler</name>
         <value>0x11dd</value>
         <object_component_ref idref="oc-27"/>
      </symbol>
      <symbol id="sm-2b7">
         <name>WDT_Handler</name>
         <value>0x1191</value>
         <object_component_ref idref="oc-27"/>
      </symbol>
      <symbol id="sm-2b8">
         <name>WideTimer3A_Handler</name>
         <value>0x1205</value>
         <object_component_ref idref="oc-27"/>
      </symbol>
      <symbol id="sm-2b9">
         <name>WideTimer1A_Handler</name>
         <value>0x11fd</value>
         <object_component_ref idref="oc-27"/>
      </symbol>
      <symbol id="sm-2ba">
         <name>WideTimer5A_Handler</name>
         <value>0x120d</value>
         <object_component_ref idref="oc-27"/>
      </symbol>
      <symbol id="sm-2bb">
         <name>GPIOPortG_Handler</name>
         <value>0x11ab</value>
         <object_component_ref idref="oc-27"/>
      </symbol>
      <symbol id="sm-2bc">
         <name>GPIOPortQ5_Handler</name>
         <value>0x123d</value>
         <object_component_ref idref="oc-27"/>
      </symbol>
      <symbol id="sm-2bd">
         <name>UART5_Handler</name>
         <value>0x11e7</value>
         <object_component_ref idref="oc-27"/>
      </symbol>
      <symbol id="sm-2be">
         <name>CAN2_Handler</name>
         <value>0x11bf</value>
         <object_component_ref idref="oc-27"/>
      </symbol>
      <symbol id="sm-2bf">
         <name>StartCritical</name>
         <value>0x1259</value>
         <object_component_ref idref="oc-27"/>
      </symbol>
      <symbol id="sm-2c0">
         <name>GPIOPortP3_Handler</name>
         <value>0x1229</value>
         <object_component_ref idref="oc-27"/>
      </symbol>
      <symbol id="sm-2c1">
         <name>GPIOPortP_Handler</name>
         <value>0x1223</value>
         <object_component_ref idref="oc-27"/>
      </symbol>
      <symbol id="sm-2c2">
         <name>Comp1_Handler</name>
         <value>0x11a1</value>
         <object_component_ref idref="oc-27"/>
      </symbol>
      <symbol id="sm-2c3">
         <name>Timer0B_Handler</name>
         <value>0x1195</value>
         <object_component_ref idref="oc-27"/>
      </symbol>
      <symbol id="sm-2c4">
         <name>Timer2B_Handler</name>
         <value>0x119d</value>
         <object_component_ref idref="oc-27"/>
      </symbol>
      <symbol id="sm-2c5">
         <name>Timer4B_Handler</name>
         <value>0x11f3</value>
         <object_component_ref idref="oc-27"/>
      </symbol>
      <symbol id="sm-2c6">
         <name>PWM0Generator1_Handler</name>
         <value>0x1183</value>
         <object_component_ref idref="oc-27"/>
      </symbol>
      <symbol id="sm-2c7">
         <name>ResetISR</name>
         <value>0x1159</value>
         <object_component_ref idref="oc-27"/>
      </symbol>
      <symbol id="sm-2c8">
         <name>PECI0_Handler</name>
         <value>0x1213</value>
         <object_component_ref idref="oc-27"/>
      </symbol>
      <symbol id="sm-2c9">
         <name>LPC0_Handler</name>
         <value>0x1215</value>
         <object_component_ref idref="oc-27"/>
      </symbol>
      <symbol id="sm-2ca">
         <name>PWM1Generator2_Handler</name>
         <value>0x124b</value>
         <object_component_ref idref="oc-27"/>
      </symbol>
      <symbol id="sm-2cb">
         <name>I2C5_Handler</name>
         <value>0x1219</value>
         <object_component_ref idref="oc-27"/>
      </symbol>
      <symbol id="sm-2cc">
         <name>GPIOPortN_Handler</name>
         <value>0x121d</value>
         <object_component_ref idref="oc-27"/>
      </symbol>
      <symbol id="sm-2cd">
         <name>ADC1Seq2_Handler</name>
         <value>0x11d1</value>
         <object_component_ref idref="oc-27"/>
      </symbol>
      <symbol id="sm-2ce">
         <name>GPIOPortQ7_Handler</name>
         <value>0x1241</value>
         <object_component_ref idref="oc-27"/>
      </symbol>
      <symbol id="sm-2cf">
         <name>UART7_Handler</name>
         <value>0x11eb</value>
         <object_component_ref idref="oc-27"/>
      </symbol>
      <symbol id="sm-2d0">
         <name>ADC0Seq3_Handler</name>
         <value>0x118f</value>
         <object_component_ref idref="oc-27"/>
      </symbol>
      <symbol id="sm-2d1">
         <name>WideTimer2A_Handler</name>
         <value>0x1201</value>
         <object_component_ref idref="oc-27"/>
      </symbol>
      <symbol id="sm-2d2">
         <name>WideTimer0A_Handler</name>
         <value>0x11f9</value>
         <object_component_ref idref="oc-27"/>
      </symbol>
      <symbol id="sm-2d3">
         <name>WideTimer4A_Handler</name>
         <value>0x1209</value>
         <object_component_ref idref="oc-27"/>
      </symbol>
      <symbol id="sm-2d4">
         <name>GPIOPortP5_Handler</name>
         <value>0x122d</value>
         <object_component_ref idref="oc-27"/>
      </symbol>
      <symbol id="sm-2d5">
         <name>GPIOPortR_Handler</name>
         <value>0x1243</value>
         <object_component_ref idref="oc-27"/>
      </symbol>
      <symbol id="sm-2d6">
         <name>USB0_Handler</name>
         <value>0x11c5</value>
         <object_component_ref idref="oc-27"/>
      </symbol>
      <symbol id="sm-2d7">
         <name>PWM1Generator0_Handler</name>
         <value>0x1247</value>
         <object_component_ref idref="oc-27"/>
      </symbol>
      <symbol id="sm-2d8">
         <name>EndCritical</name>
         <value>0x1261</value>
         <object_component_ref idref="oc-27"/>
      </symbol>
      <symbol id="sm-2d9">
         <name>SSI1_Handler</name>
         <value>0x11b1</value>
         <object_component_ref idref="oc-27"/>
      </symbol>
      <symbol id="sm-2da">
         <name>Timer1B_Handler</name>
         <value>0x1199</value>
         <object_component_ref idref="oc-27"/>
      </symbol>
      <symbol id="sm-2db">
         <name>Timer3B_Handler</name>
         <value>0x11b5</value>
         <object_component_ref idref="oc-27"/>
      </symbol>
      <symbol id="sm-2dc">
         <name>Timer5B_Handler</name>
         <value>0x11f7</value>
         <object_component_ref idref="oc-27"/>
      </symbol>
      <symbol id="sm-2dd">
         <name>ADC1Seq0_Handler</name>
         <value>0x11cd</value>
         <object_component_ref idref="oc-27"/>
      </symbol>
      <symbol id="sm-2de">
         <name>GPIOPortK_Handler</name>
         <value>0x11db</value>
         <object_component_ref idref="oc-27"/>
      </symbol>
      <symbol id="sm-2df">
         <name>WideTimer3B_Handler</name>
         <value>0x1207</value>
         <object_component_ref idref="oc-27"/>
      </symbol>
      <symbol id="sm-2e0">
         <name>WideTimer1B_Handler</name>
         <value>0x11ff</value>
         <object_component_ref idref="oc-27"/>
      </symbol>
      <symbol id="sm-2e1">
         <name>WideTimer5B_Handler</name>
         <value>0x120f</value>
         <object_component_ref idref="oc-27"/>
      </symbol>
      <symbol id="sm-2e2">
         <name>SysCtl_Handler</name>
         <value>0x11a5</value>
         <object_component_ref idref="oc-27"/>
      </symbol>
      <symbol id="sm-2e3">
         <name>GPIOPortB_Handler</name>
         <value>0x116f</value>
         <object_component_ref idref="oc-27"/>
      </symbol>
      <symbol id="sm-2e4">
         <name>uDMA_Handler</name>
         <value>0x11c9</value>
         <object_component_ref idref="oc-27"/>
      </symbol>
      <symbol id="sm-2e5">
         <name>ADC0Seq1_Handler</name>
         <value>0x118b</value>
         <object_component_ref idref="oc-27"/>
      </symbol>
      <symbol id="sm-2e6">
         <name>GPIOPortP7_Handler</name>
         <value>0x1231</value>
         <object_component_ref idref="oc-27"/>
      </symbol>
      <symbol id="sm-2e7">
         <name>PWM1Fault_Handler</name>
         <value>0x124f</value>
         <object_component_ref idref="oc-27"/>
      </symbol>
      <symbol id="sm-2e8">
         <name>I2C1_Handler</name>
         <value>0x11b7</value>
         <object_component_ref idref="oc-27"/>
      </symbol>
      <symbol id="sm-2e9">
         <name>SSI3_Handler</name>
         <value>0x11e1</value>
         <object_component_ref idref="oc-27"/>
      </symbol>
      <symbol id="sm-2ea">
         <name>GPIOPortM_Handler</name>
         <value>0x121b</value>
         <object_component_ref idref="oc-27"/>
      </symbol>
      <symbol id="sm-2eb">
         <name>g_pfnVectors</name>
         <value>0x0</value>
         <object_component_ref idref="oc-12"/>
      </symbol>
      <symbol id="sm-2ec">
         <name>GPIOPortD_Handler</name>
         <value>0x1173</value>
         <object_component_ref idref="oc-27"/>
      </symbol>
      <symbol id="sm-2ed">
         <name>GPIOPortQ2_Handler</name>
         <value>0x1237</value>
         <object_component_ref idref="oc-27"/>
      </symbol>
      <symbol id="sm-2ee">
         <name>UART2_Handler</name>
         <value>0x11af</value>
         <object_component_ref idref="oc-27"/>
      </symbol>
      <symbol id="sm-2ef">
         <name>CAN1_Handler</name>
         <value>0x11bd</value>
         <object_component_ref idref="oc-27"/>
      </symbol>
      <symbol id="sm-2f0">
         <name>Quadrature0_Handler</name>
         <value>0x1187</value>
         <object_component_ref idref="oc-27"/>
      </symbol>
      <symbol id="sm-2f1">
         <name>WideTimer2B_Handler</name>
         <value>0x1203</value>
         <object_component_ref idref="oc-27"/>
      </symbol>
      <symbol id="sm-2f2">
         <name>WideTimer0B_Handler</name>
         <value>0x11fb</value>
         <object_component_ref idref="oc-27"/>
      </symbol>
      <symbol id="sm-2f3">
         <name>WideTimer4B_Handler</name>
         <value>0x120b</value>
         <object_component_ref idref="oc-27"/>
      </symbol>
      <symbol id="sm-2f4">
         <name>GPIOPortQ_Handler</name>
         <value>0x1233</value>
         <object_component_ref idref="oc-27"/>
      </symbol>
      <symbol id="sm-2f5">
         <name>DisableInterrupts</name>
         <value>0x1251</value>
         <object_component_ref idref="oc-27"/>
      </symbol>
      <symbol id="sm-2f6">
         <name>Comp0_Handler</name>
         <value>0x119f</value>
         <object_component_ref idref="oc-27"/>
      </symbol>
      <symbol id="sm-2f7">
         <name>PWM0Generator2_Handler</name>
         <value>0x1185</value>
         <object_component_ref idref="oc-27"/>
      </symbol>
      <symbol id="sm-2f8">
         <name>I2C3_Handler</name>
         <value>0x11ef</value>
         <object_component_ref idref="oc-27"/>
      </symbol>
      <symbol id="sm-2f9">
         <name>Ethernet_Handler</name>
         <value>0x11c1</value>
         <object_component_ref idref="oc-27"/>
      </symbol>
      <symbol id="sm-2fa">
         <name>PWM1Generator3_Handler</name>
         <value>0x124d</value>
         <object_component_ref idref="oc-27"/>
      </symbol>
      <symbol id="sm-2fb">
         <name>I2C4_Handler</name>
         <value>0x1217</value>
         <object_component_ref idref="oc-27"/>
      </symbol>
      <symbol id="sm-2fc">
         <name>Fan0_Handler</name>
         <value>0x1221</value>
         <object_component_ref idref="oc-27"/>
      </symbol>
      <symbol id="sm-2fd">
         <name>WaitForInterrupt</name>
         <value>0x1267</value>
         <object_component_ref idref="oc-27"/>
      </symbol>
      <symbol id="sm-2fe">
         <name>ADC1Seq3_Handler</name>
         <value>0x11d3</value>
         <object_component_ref idref="oc-27"/>
      </symbol>
      <symbol id="sm-2ff">
         <name>GPIOPortQ4_Handler</name>
         <value>0x123b</value>
         <object_component_ref idref="oc-27"/>
      </symbol>
      <symbol id="sm-300">
         <name>EnableInterrupts</name>
         <value>0x1255</value>
         <object_component_ref idref="oc-27"/>
      </symbol>
      <symbol id="sm-301">
         <name>GPIOPortA_Handler</name>
         <value>0x116d</value>
         <object_component_ref idref="oc-27"/>
      </symbol>
      <symbol id="sm-302">
         <name>UART4_Handler</name>
         <value>0x11e5</value>
         <object_component_ref idref="oc-27"/>
      </symbol>
      <symbol id="sm-303">
         <name>Quadrature2_Handler</name>
         <value>0x121f</value>
         <object_component_ref idref="oc-27"/>
      </symbol>
      <symbol id="sm-304">
         <name>GPIOPortP2_Handler</name>
         <value>0x1227</value>
         <object_component_ref idref="oc-27"/>
      </symbol>
      <symbol id="sm-305">
         <name>GPIOPortS_Handler</name>
         <value>0x1245</value>
         <object_component_ref idref="oc-27"/>
      </symbol>
      <symbol id="sm-306">
         <name>Comp2_Handler</name>
         <value>0x11a3</value>
         <object_component_ref idref="oc-27"/>
      </symbol>
      <symbol id="sm-307">
         <name>DebugMon_Handler</name>
         <value>0x1167</value>
         <object_component_ref idref="oc-27"/>
      </symbol>
      <symbol id="sm-308">
         <name>PWM0Generator0_Handler</name>
         <value>0x1181</value>
         <object_component_ref idref="oc-27"/>
      </symbol>
      <symbol id="sm-309">
         <name>PWM1Generator1_Handler</name>
         <value>0x1249</value>
         <object_component_ref idref="oc-27"/>
      </symbol>
      <symbol id="sm-30a">
         <name>SSI0_Handler</name>
         <value>0x117b</value>
         <object_component_ref idref="oc-27"/>
      </symbol>
      <symbol id="sm-30b">
         <name>ADC1Seq1_Handler</name>
         <value>0x11cf</value>
         <object_component_ref idref="oc-27"/>
      </symbol>
      <symbol id="sm-30c">
         <name>GPIOPortH_Handler</name>
         <value>0x11ad</value>
         <object_component_ref idref="oc-27"/>
      </symbol>
      <symbol id="sm-30d">
         <name>GPIOPortQ6_Handler</name>
         <value>0x123f</value>
         <object_component_ref idref="oc-27"/>
      </symbol>
      <symbol id="sm-30e">
         <name>GPIOPortC_Handler</name>
         <value>0x1171</value>
         <object_component_ref idref="oc-27"/>
      </symbol>
      <symbol id="sm-30f">
         <name>GPIOPortQ1_Handler</name>
         <value>0x1235</value>
         <object_component_ref idref="oc-27"/>
      </symbol>
      <symbol id="sm-310">
         <name>UART6_Handler</name>
         <value>0x11e9</value>
         <object_component_ref idref="oc-27"/>
      </symbol>
      <symbol id="sm-311">
         <name>ADC0Seq2_Handler</name>
         <value>0x118d</value>
         <object_component_ref idref="oc-27"/>
      </symbol>
      <symbol id="sm-328">
         <name>__aeabi_dsub</name>
         <value>0xe6d</value>
         <object_component_ref idref="oc-79"/>
      </symbol>
      <symbol id="sm-329">
         <name>__aeabi_dadd</name>
         <value>0xe77</value>
         <object_component_ref idref="oc-79"/>
      </symbol>
      <symbol id="sm-33b">
         <name>__aeabi_cdcmpeq</name>
         <value>0x1403</value>
         <object_component_ref idref="oc-92"/>
      </symbol>
      <symbol id="sm-33c">
         <name>__aeabi_cdcmple</name>
         <value>0x1403</value>
         <object_component_ref idref="oc-92"/>
      </symbol>
      <symbol id="sm-350">
         <name>__aeabi_ddiv</name>
         <value>0x1023</value>
         <object_component_ref idref="oc-83"/>
      </symbol>
      <symbol id="sm-35b">
         <name>__aeabi_dmul</name>
         <value>0x126b</value>
         <object_component_ref idref="oc-7e"/>
      </symbol>
      <symbol id="sm-367">
         <name>__aeabi_d2f</name>
         <value>0x1489</value>
         <object_component_ref idref="oc-88"/>
      </symbol>
      <symbol id="sm-371">
         <name>__aeabi_i2d</name>
         <value>0x15d9</value>
         <object_component_ref idref="oc-8d"/>
      </symbol>
      <symbol id="sm-37b">
         <name>__aeabi_ui2d</name>
         <value>0x1607</value>
         <object_component_ref idref="oc-74"/>
      </symbol>
      <symbol id="sm-394">
         <name>__TI_zero_init_nomemset</name>
         <value>0x1627</value>
         <object_component_ref idref="oc-4d"/>
      </symbol>
      <symbol id="sm-3ab">
         <name>__TI_decompress_none</name>
         <value>0x1643</value>
         <object_component_ref idref="oc-1b"/>
      </symbol>
      <symbol id="sm-3ce">
         <name>__TI_decompress_lzss</name>
         <value>0x14f7</value>
         <object_component_ref idref="oc-15"/>
      </symbol>
      <symbol id="sm-3e1">
         <name>__stack</name>
         <value>0x20000000</value>
         <object_component_ref idref="oc-24"/>
      </symbol>
      <symbol id="sm-3e2">
         <name>_c_int00_noargs</name>
         <value>0x15a5</value>
         <object_component_ref idref="oc-5f"/>
      </symbol>
      <symbol id="sm-3fd">
         <name>memcpy</name>
         <value>0x1367</value>
         <object_component_ref idref="oc-41"/>
      </symbol>
      <symbol id="sm-3fe">
         <name>__aeabi_memcpy</name>
         <value>0x1367</value>
         <object_component_ref idref="oc-41"/>
      </symbol>
      <symbol id="sm-3ff">
         <name>__aeabi_memcpy8</name>
         <value>0x1367</value>
         <object_component_ref idref="oc-41"/>
      </symbol>
      <symbol id="sm-400">
         <name>__aeabi_memcpy4</name>
         <value>0x1367</value>
         <object_component_ref idref="oc-41"/>
      </symbol>
      <symbol id="sm-429">
         <name>__TI_auto_init_nobinit_nopinit</name>
         <value>0x1561</value>
         <object_component_ref idref="oc-10c"/>
      </symbol>
      <symbol id="sm-433">
         <name>_system_pre_init</name>
         <value>0x1651</value>
         <object_component_ref idref="oc-cb"/>
      </symbol>
      <symbol id="sm-43f">
         <name>C$$EXIT</name>
         <value>0x1655</value>
         <object_component_ref idref="oc-100"/>
      </symbol>
      <symbol id="sm-440">
         <name>abort</name>
         <value>0x1655</value>
         <object_component_ref idref="oc-100"/>
      </symbol>
      <symbol id="sm-443">
         <name>__TI_static_base__</name>
         <value>0x0</value>
      </symbol>
      <symbol id="sm-446">
         <name>__mpu_init</name>
         <value>0x0</value>
      </symbol>
      <symbol id="sm-447">
         <name>_system_post_cinit</name>
         <value>0x0</value>
      </symbol>
   </symbol_table>
   <title>Link successful</title>
</link_info>
